// Jest Snapshot v1, https://goo.gl/fbAQLP

exports[`Test in <Search /> component Should match with snapshot 1`] = `
<div>
  <hr
    class="h-px my-8 bg-gray-200 border-0 dark:bg-gray-700"
  />
  <form>
    <label
      class="mb-2 text-sm font-medium text-gray-900 sr-only dark:text-white"
      for="default-search"
    >
      Search
    </label>
    <div
      class="relative"
    >
      <div
        class="absolute inset-y-0 left-0 flex items-center pl-3 pointer-events-none"
      >
        <svg
          aria-hidden="true"
          class="w-4 h-4 text-gray-500 dark:text-gray-400"
          fill="none"
          viewBox="0 0 20 20"
          xmlns="http://www.w3.org/2000/svg"
        >
          <path
            d="m19 19-4-4m0-7A7 7 0 1 1 1 8a7 7 0 0 1 14 0Z"
            stroke="currentColor"
            stroke-linecap="round"
            stroke-linejoin="round"
            stroke-width="2"
          />
        </svg>
      </div>
      <input
        class="block w-full p-4 pl-10 text-sm text-gray-900 border border-gray-300 rounded-lg bg-gray-50 focus:ring-blue-500 focus:border-blue-500 dark:bg-gray-700 dark:border-gray-600 dark:placeholder-gray-400 dark:text-white dark:focus:ring-blue-500 dark:focus:border-blue-500"
        data-testid="search-input"
        id="search"
        name="query"
        placeholder="Search Batman, Superman..."
        type="search"
        value=""
      />
      <button
        class="text-white absolute right-2.5 bottom-2.5 bg-blue-700 hover:bg-blue-800 focus:ring-4 focus:outline-none focus:ring-blue-300 font-medium rounded-lg text-sm px-4 py-2 dark:bg-blue-600 dark:hover:bg-blue-700 dark:focus:ring-blue-800"
        data-testid="search-button"
        type="submit"
      >
        Search
      </button>
    </div>
  </form>
  <hr
    class="h-px my-8 bg-gray-200 border-0 dark:bg-gray-700"
  />
  <div
    class="p-4 mb-4 text-sm rounded-lg text-blue-800 bg-blue-50 dark:bg-gray-800 dark:text-blue-400"
    data-testid="default-message"
    role="alert"
  >
    Search a hero
  </div>
  <ul
    class="grid grid-cols-2 md:grid-cols-3 gap-4 p-2"
  />
</div>
`;
